// Vitest Snapshot v1, https://vitest.dev/guide/snapshot.html

exports[`Categories tests > quiz categories matches the array snapshot 1`] = `
[
  {
    "key": "9",
    "title": "General Knowledge",
  },
  {
    "key": "27",
    "title": "Animals",
  },
  {
    "key": "23",
    "title": "History",
  },
  {
    "key": "17",
    "title": "Science & Nature",
  },
  {
    "key": "21",
    "title": "Sports",
  },
  {
    "key": "14",
    "title": "TV Series",
  },
]
`;

exports[`It should be correct page names > pages matches the array snapshot 1`] = `
{
  "detailedResult": "DETAILED_RESULTS",
  "difficulty": "DIFFICULTY",
  "questions": "QUESTIONS",
  "result": "RESULT",
  "start": "START",
}
`;

exports[`difficulties > difficulties matches the array snapshot 1`] = `
[
  {
    "key": "easy",
    "questions": 8,
    "time": 12,
    "title": "Easy",
  },
  {
    "key": "medium",
    "questions": 10,
    "time": 10,
    "title": "Medium",
  },
  {
    "key": "hard",
    "questions": 12,
    "time": 8,
    "title": "Hard",
  },
]
`;
